// Jest Snapshot v1, https://goo.gl/fbAQLP

exports[`TrimergeClient: 2 users it still generates merge commits even when deltas are noop 1`] = `
[
  {
    "baseRef": undefined,
    "delta": [
      {
        "hi": "world",
        "other": "world",
      },
    ],
    "metadata": {
      "message": "blah",
    },
    "ref": "83C7ugjw",
  },
  {
    "baseRef": undefined,
    "delta": [
      {
        "hi": "world",
      },
    ],
    "metadata": {
      "message": "blah",
    },
    "ref": "guqurHSi",
  },
  {
    "baseRef": "83C7ugjw",
    "delta": undefined,
    "mergeRef": "guqurHSi",
    "metadata": {
      "message": "merge",
      "ref": "(83C7ugjw+guqurHSi)",
    },
    "ref": "jBSIed8b",
  },
  {
    "baseRef": "jBSIed8b",
    "delta": {
      "other": [
        "world",
        "worldly",
      ],
    },
    "metadata": {
      "message": "blah",
    },
    "ref": "FM-iAbj3",
  },
]
`;

exports[`TrimergeClient: 2 users works with lots of character typing 1`] = `
[
  {
    "graph": "undefined -> Zob0dMmD",
    "step": "initialize",
    "value": {},
  },
  {
    "graph": "Zob0dMmD -> leySPlIR",
    "step": "add hello",
    "value": {
      "hello": "world",
    },
  },
  {
    "graph": "leySPlIR -> YAy0M_J2",
    "step": "typing",
    "value": {
      "hello": "world. t",
    },
  },
  {
    "graph": "YAy0M_J2 -> LsIxqujJ",
    "step": "typing",
    "value": {
      "hello": "world. th",
    },
  },
  {
    "graph": "LsIxqujJ -> yoPegGx6",
    "step": "typing",
    "value": {
      "hello": "world. thi",
    },
  },
  {
    "graph": "yoPegGx6 -> eTLOHYa-",
    "step": "typing",
    "value": {
      "hello": "world. this",
    },
  },
  {
    "graph": "eTLOHYa- -> WDzPFBwe",
    "step": "typing",
    "value": {
      "hello": "world. this ",
    },
  },
  {
    "graph": "WDzPFBwe -> YoyNjiZ6",
    "step": "typing",
    "value": {
      "hello": "world. this i",
    },
  },
  {
    "graph": "YoyNjiZ6 -> rOUBm7c2",
    "step": "typing",
    "value": {
      "hello": "world. this is",
    },
  },
  {
    "graph": "rOUBm7c2 -> MsplY0xo",
    "step": "typing",
    "value": {
      "hello": "world. this is ",
    },
  },
  {
    "graph": "MsplY0xo -> JnbUEhpb",
    "step": "typing",
    "value": {
      "hello": "world. this is a",
    },
  },
  {
    "graph": "JnbUEhpb -> POK9sZXI",
    "step": "typing",
    "value": {
      "hello": "world. this is a t",
    },
  },
  {
    "graph": "POK9sZXI -> yEO3XYgv",
    "step": "typing",
    "value": {
      "hello": "world. this is a te",
    },
  },
  {
    "graph": "yEO3XYgv -> VIhrAVTG",
    "step": "typing",
    "value": {
      "hello": "world. this is a tes",
    },
  },
  {
    "graph": "VIhrAVTG -> 9HSyQTMd",
    "step": "typing",
    "value": {
      "hello": "world. this is a test",
    },
  },
  {
    "graph": "9HSyQTMd -> xGjtRo_F",
    "step": "typing",
    "value": {
      "hello": "world. this is a test ",
    },
  },
  {
    "graph": "xGjtRo_F -> GFUqLq42",
    "step": "typing",
    "value": {
      "hello": "world. this is a test o",
    },
  },
  {
    "graph": "GFUqLq42 -> 8Zpd5VpF",
    "step": "typing",
    "value": {
      "hello": "world. this is a test of",
    },
  },
  {
    "graph": "8Zpd5VpF -> 0JCZFqxq",
    "step": "typing",
    "value": {
      "hello": "world. this is a test of ",
    },
  },
  {
    "graph": "0JCZFqxq -> 5Y4GtM8z",
    "step": "typing",
    "value": {
      "hello": "world. this is a test of c",
    },
  },
  {
    "graph": "5Y4GtM8z -> W-adW2a-",
    "step": "typing",
    "value": {
      "hello": "world. this is a test of ch",
    },
  },
  {
    "graph": "W-adW2a- -> 1nf6gXl1",
    "step": "typing",
    "value": {
      "hello": "world. this is a test of cha",
    },
  },
  {
    "graph": "1nf6gXl1 -> xF9W97WS",
    "step": "typing",
    "value": {
      "hello": "world. this is a test of char",
    },
  },
  {
    "graph": "xF9W97WS -> E8TIq05x",
    "step": "typing",
    "value": {
      "hello": "world. this is a test of chara",
    },
  },
  {
    "graph": "E8TIq05x -> 3hCls5tY",
    "step": "typing",
    "value": {
      "hello": "world. this is a test of charac",
    },
  },
  {
    "graph": "3hCls5tY -> Hl2TeGle",
    "step": "typing",
    "value": {
      "hello": "world. this is a test of charact",
    },
  },
  {
    "graph": "Hl2TeGle -> NXbxkJK2",
    "step": "typing",
    "value": {
      "hello": "world. this is a test of characte",
    },
  },
  {
    "graph": "NXbxkJK2 -> Uc41cdXS",
    "step": "typing",
    "value": {
      "hello": "world. this is a test of character",
    },
  },
  {
    "graph": "Uc41cdXS -> QNhbrQRR",
    "step": "typing",
    "value": {
      "hello": "world. this is a test of character.",
    },
  },
]
`;
